2026-07-30 03:27:45 | INFO | Registered parser: trivy
2026-07-30 03:27:45 | INFO | ======================================================================
2026-07-30 03:27:45 | INFO | Starting Trivy Parser
2026-07-30 03:27:45 | INFO | ======================================================================
2026-07-30 03:27:45 | INFO | [Trivy] Preparing parser...
2026-07-30 03:27:45 | INFO | ======================================================================
2026-07-30 03:27:45 | INFO | Starting Trivy Parser
2026-07-30 03:27:45 | INFO | ======================================================================
2026-07-30 03:27:45 | INFO | [Trivy] Loading report(s)...
2026-07-30 03:27:45 | INFO | Reading report: frontend_20260730_011516.json
2026-07-30 03:27:45 | INFO | Successfully loaded frontend_20260730_011516.json
2026-07-30 03:27:45 | INFO | Reading report: backend_20260730_011516.json
2026-07-30 03:27:45 | INFO | Successfully loaded backend_20260730_011516.json
2026-07-30 03:27:45 | INFO | [Trivy] Processing frontend_20260730_011516.json...
2026-07-30 03:27:45 | INFO | [Trivy] Validating report...
2026-07-30 03:27:45 | INFO | [Trivy] Generating metadata...
2026-07-30 03:27:45 | INFO | Parsed 0 Trivy findings.
2026-07-30 03:27:45 | INFO | [Trivy] Calculating statistics...
2026-07-30 03:27:45 | INFO | [Trivy] Building normalized report...
2026-07-30 03:27:45 | INFO | [Trivy] Saving report...
2026-07-30 03:27:45 | INFO | Writing report: trivy_frontend_20260730_032745_normalized.json
2026-07-30 03:27:45 | INFO | Report written successfully: trivy_frontend_20260730_032745_normalized.json
2026-07-30 03:27:45 | INFO | [Trivy] Report saved successfully.
2026-07-30 03:27:45 | INFO | [Trivy] Processing backend_20260730_011516.json...
2026-07-30 03:27:45 | INFO | [Trivy] Validating report...
2026-07-30 03:27:45 | INFO | [Trivy] Generating metadata...
2026-07-30 03:27:45 | INFO | Loaded 2 rules for trivy.
2026-07-30 03:27:45 | INFO | Parsed 21 Trivy findings.
2026-07-30 03:27:45 | INFO | [Trivy] Calculating statistics...
2026-07-30 03:27:45 | INFO | [Trivy] Building normalized report...
2026-07-30 03:27:45 | INFO | [Trivy] Saving report...
2026-07-30 03:27:45 | INFO | Writing report: trivy_backend_20260730_032745_normalized.json
2026-07-30 03:27:45 | INFO | Report written successfully: trivy_backend_20260730_032745_normalized.json
2026-07-30 03:27:45 | INFO | [Trivy] Report saved successfully.
2026-07-30 03:27:45 | INFO | [Trivy] Calculating statistics...
2026-07-30 03:27:45 | INFO | ======================================================================
2026-07-30 03:27:45 | INFO | Trivy Scan Summary
2026-07-30 03:27:45 | INFO | ----------------------------------------------------------------------
2026-07-30 03:27:45 | INFO | Status         : FAIL
2026-07-30 03:27:45 | INFO | Total          : 21
2026-07-30 03:27:45 | INFO | Critical       : 1
2026-07-30 03:27:45 | INFO | High           : 11
2026-07-30 03:27:45 | INFO | Medium         : 9
2026-07-30 03:27:45 | INFO | Low            : 0
2026-07-30 03:27:45 | INFO | Info           : 0
2026-07-30 03:27:45 | INFO | Unknown        : 0
2026-07-30 03:27:45 | INFO | Fixable        : 21
2026-07-30 03:27:45 | INFO | Exploitable    : 7
2026-07-30 03:27:45 | INFO | Compliance     : 0.0%
2026-07-30 03:27:45 | INFO | Duration       : 0.02 sec
2026-07-30 03:27:45 | INFO | ======================================================================
2026-07-30 03:27:45 | INFO | Trivy Parser Completed
2026-07-30 03:27:45 | INFO | ======================================================================
2026-07-30 03:27:45 | INFO | [Trivy] Parser completed successfully.
2026-07-30 03:27:45 | INFO | ======================================================================
2026-07-30 03:27:45 | INFO | Trivy Parser Finished
2026-07-30 03:27:45 | INFO | ======================================================================
2026-07-30 03:29:58 | INFO | Registered parser: hadolint
2026-07-30 03:29:58 | INFO | ======================================================================
2026-07-30 03:29:58 | INFO | Starting Hadolint Parser
2026-07-30 03:29:58 | INFO | ======================================================================
2026-07-30 03:29:58 | INFO | [Hadolint] Preparing parser...
2026-07-30 03:29:58 | INFO | ======================================================================
2026-07-30 03:29:58 | INFO | Starting Hadolint Parser
2026-07-30 03:29:58 | INFO | ======================================================================
2026-07-30 03:29:58 | INFO | [Hadolint] Loading report(s)...
2026-07-30 03:29:58 | INFO | Reading report: backend_20260730_002432.json
2026-07-30 03:29:58 | INFO | Successfully loaded backend_20260730_002432.json
2026-07-30 03:29:58 | INFO | Reading report: frontend_20260730_002432.json
2026-07-30 03:29:58 | INFO | Successfully loaded frontend_20260730_002432.json
2026-07-30 03:29:58 | INFO | [Hadolint] Processing backend_20260730_002432.json...
2026-07-30 03:29:58 | INFO | [Hadolint] Validating report...
2026-07-30 03:29:58 | INFO | [Hadolint] Generating metadata...
2026-07-30 03:29:58 | WARNING | Hadolint report is empty.
2026-07-30 03:29:58 | INFO | [Hadolint] Calculating statistics...
2026-07-30 03:29:58 | INFO | [Hadolint] Building normalized report...
2026-07-30 03:29:58 | INFO | [Hadolint] Saving report...
2026-07-30 03:29:58 | INFO | Writing report: hadolint_backend_20260730_032958_normalized.json
2026-07-30 03:29:58 | INFO | Report written successfully: hadolint_backend_20260730_032958_normalized.json
2026-07-30 03:29:58 | INFO | [Hadolint] Report saved successfully.
2026-07-30 03:29:58 | INFO | [Hadolint] Processing frontend_20260730_002432.json...
2026-07-30 03:29:58 | INFO | [Hadolint] Validating report...
2026-07-30 03:29:58 | INFO | [Hadolint] Generating metadata...
2026-07-30 03:29:58 | INFO | Loaded 66 rules for hadolint.
2026-07-30 03:29:58 | INFO | Parsed 1 Hadolint findings.
2026-07-30 03:29:58 | INFO | [Hadolint] Calculating statistics...
2026-07-30 03:29:58 | INFO | [Hadolint] Building normalized report...
2026-07-30 03:29:58 | INFO | [Hadolint] Saving report...
2026-07-30 03:29:58 | INFO | Writing report: hadolint_frontend_20260730_032958_normalized.json
2026-07-30 03:29:58 | INFO | Report written successfully: hadolint_frontend_20260730_032958_normalized.json
2026-07-30 03:29:58 | INFO | [Hadolint] Report saved successfully.
2026-07-30 03:29:58 | INFO | [Hadolint] Calculating statistics...
2026-07-30 03:29:58 | INFO | ======================================================================
2026-07-30 03:29:58 | INFO | Hadolint Scan Summary
2026-07-30 03:29:58 | INFO | ----------------------------------------------------------------------
2026-07-30 03:29:58 | INFO | Status         : PASS
2026-07-30 03:29:58 | INFO | Total          : 1
2026-07-30 03:29:58 | INFO | Critical       : 0
2026-07-30 03:29:58 | INFO | High           : 0
2026-07-30 03:29:58 | INFO | Medium         : 0
2026-07-30 03:29:58 | INFO | Low            : 0
2026-07-30 03:29:58 | INFO | Info           : 1
2026-07-30 03:29:58 | INFO | Unknown        : 0
2026-07-30 03:29:58 | INFO | Fixable        : 0
2026-07-30 03:29:58 | INFO | Exploitable    : 0
2026-07-30 03:29:58 | INFO | Compliance     : 100.0%
2026-07-30 03:29:58 | INFO | Duration       : 0.01 sec
2026-07-30 03:29:58 | INFO | ======================================================================
2026-07-30 03:29:58 | INFO | Hadolint Parser Completed
2026-07-30 03:29:58 | INFO | ======================================================================
2026-07-30 03:29:58 | INFO | [Hadolint] Parser completed successfully.
2026-07-30 03:29:58 | INFO | ======================================================================
2026-07-30 03:29:58 | INFO | Hadolint Parser Finished
2026-07-30 03:29:58 | INFO | ======================================================================
